// Jest Snapshot v1, https://goo.gl/fbAQLP

exports[`Favorites Renders Favorites page 1`] = `
<main
  className="container"
>
  <h1
    className="title"
  >
    Favoritos
  </h1>
</main>
`;
